Analyzing busy_items_app...                                     

   info - 'withOpacity' is deprecated and shouldn't be used. Use .withValues() to avoid precision loss - lib\core\ui\organisms\open_company_dialog.dart:36:35 - deprecated_member_use
   info - Statements in an if should be enclosed in a block - lib\core\ui\organisms\open_company_dialog.dart:91:33 - curly_braces_in_flow_control_structures
   info - 'withOpacity' is deprecated and shouldn't be used. Use .withValues() to avoid precision loss - lib\core\ui\organisms\open_company_dialog.dart:345:43 - deprecated_member_use
   info - 'value' is deprecated and shouldn't be used. Use initialValue instead. This will set the initial value for the form field. This feature was deprecated after v3.33.0-1.0.pre - lib\features\items\presentation\screens\item_master_screen.dart:888:13 - deprecated_member_use

